🔍 Scraping Popcidian with browser rendering (max 63 pages)...
💾 Output: data/slang.json

🌐 Launching browser...

⏳ Fetching page 1...
✅ Found 15 entries on page 1
  📝 囧雪诺: 电视剧《权利的游戏》角色John Snow的昵称。...
  📝 yyds: “有一点骚”的缩写，暗指某人散发着微妙的自信和吸引力，让人不由自主地多...
  📝 nbcs: Nobody Cares的缩写，用于表达“没人关心”的意思，通常是在对...
  📝 港: “港”就是“讲”的常德发音，别看少了个鼻音，它在常德人嘴里可是自带音响...
  📝 有损国格: 新时代帽子动词 / 指控式名词

2025年7月，大连工业大学通报一位...
  📝 鸡你太美: 一种“无意义”的表演形式，源于歌手蔡徐坤表演的一段舞蹈和台词，原意是“...
  📝 零零后: 泛指2000年以后出生的一代年轻人，常被拿来和“老一辈”作对比。...
  📝 内卷: 指一种过度竞争、非理性加班、资源浪费的现象，好像在原地打转，却谁也不肯...
  📝 产品设计应该大道至简: 本质就是我懒，复杂的功能谁愿意搞啊，反正我也不会，你能凑合着用就不错了...
  📝 不服吊死: 意思是“不服就上吊去吧”，带有浓厚的网络暴躁话语风格。通常在调侃中用于...
  📝 zgrb: “做个人吧”的拼音缩写。
一句来自互联网底层群众的呐喊，用于在对方言行...
  ⚠️  No meaning found for 社恐
  📝 河蟹: “和谐”的代名词。很多人在发帖时已经知道如果写出某个敏感词会被删帖，所...
  📝 yyds: “有一点骚”的缩写，暗指某人散发着微妙的自信和吸引力，让人不由自主地多...
  📝 小作文: 常用于形容在社交媒体上发表的长篇大论，尤其是控诉、吐槽类的长文字。...
⏳ Fetching page 2...
✅ Found 15 entries on page 2
  📝 抓马: 英语drama音译，形容一个人特别戏剧化...
  📝 日天: 不是夸张，是批评——指做事毫无计划、靠冲动，根本不用脑子，甚至有点‘一...
  📝 库昊: 同库日天，NBA球员库里的外号，因三分准得变态得此外号。...
  📝 万死不辞: 每天被工作气死一万次，但就是不辞职...
  📝 酸萝卜别吃: “酸萝卜别吃”是英语“son of a bitch”的谐音梗，原句为英...
  📝 精神离职法: 指的是人在单位上班、心却早已离职，不再主动承担额外任务，不拼命、不内耗...
  ⚠️  No meaning found for 豫普
  📝 或个港的: ‘或个港的’其实就是‘谁讲的’的地道版，带着一丝质疑、惊讶甚至调侃的语...
  📝 于可爱: 男明星于晓光，因为会撒娇可爱到爆啊...
  📝 这是个好事儿啊: 峰哥经典语录。出自“峰哥亡命天涯”自媒体人（活跃于B站、抖音等平台）的...
  ⚠️  No meaning found for 隻揪
  📝 内卷: 指一种过度竞争、非理性加班、资源浪费的现象，好像在原地打转，却谁也不肯...
  📝 丟哩老謀: 跟“丢雷楼谋”是同样的意思。粤语粗口“叼你老母”。...
  📝 紫薯: 字数的谐音。论坛发帖字数不够时用来充数...
  📝 卧龙凤雏: 形容两个“奇人”聚到一起，注定会有非凡的效果，多用于调侃。...
⏳ Fetching page 3...
✅ Found 15 entries on page 3
  ⚠️  No meaning found for 菊花
  📝 whks: 一种精神性拔网线的状态，是现代人面对互联网高强度离谱输出时的被动防御机...
  ⚠️  No meaning found for 菊花
  📝 嘎屁: 意思是“失败、完蛋”，有点悲催却很常德。比如突然崩溃的电动车，或者考砸...
  📝 姑儿噶（家）: “姑儿噶”指的是未婚女子的家，常带点乡土又八卦意味。比如“她还在姑儿噶...
  📝 鹅厂: 腾讯。腾讯的企业Logo是一只企鹅，因企鹅与鹅的外形相似，人们便将腾讯...
  📝 yjgj: “有句港句”的缩写，意为实话实说，一般用于表达客观评价。...
  📝 尿点: 电影中无聊的一段，适合上厕所撒尿的时间...
  📝 夹皮哒: “夹皮哒”是指事情出错或搞砸了，像是裤裆开线，尴尬又无力回天。用这词一...
  ⚠️  No meaning found for 狗王
  📝 一栋栋的来: 意思是“成群结队地来”，带有一种搞笑的夸张感，形象满满，好比你刚想安静...
  📝 6叔: 男神余文乐，Instagram昵称是lok666。粤语中乐跟6读音相近...
  📝 二哈: 哈士奇，一种大型犬 因为经常犯二，所以昵称二哈...
  📝 ssfd: “瑟瑟发抖”的拼音首字母缩写。...
  ⚠️  No meaning found for 有内味了
⏳ Fetching page 4...
✅ Found 15 entries on page 4
  📝 工具人: 指只为他人提供服务、做辅助的人，自己的想法不被重视。...
  📝 无卵事: 直译过来就是“没啥事”，但其实还有点“你激动个啥”的意味。通常用于别人...
  📝 凡尔赛: ‘凡尔赛’源于‘凡尔赛宫’，在网络上被用来指某人看似无意间炫耀富有或优...
  📝 CP: 同人配偶（coterie partner），就是意淫出来的一对恋人。...
  📝 dy: “队友”的缩写，指团队中的伙伴，尤其在游戏中。...
  ⚠️  No meaning found for 无fuck说
  📝 妈卖批: 非常粗的四川话粗口，直译就是“你妈卖淫”。常见句式为“我有一句妈卖批不...
  📝 聚聚: 现已知在cosplay或者日系偶像饭圈中，被用作具有一定资历者的代称。...
  📝 因缺思婷: 英文interesting（有趣）的洋泾浜发音，带微妙的讽刺意味...
  📝 A站: AcFun弹幕视频网，最出名的两个弹幕视频网站之一...
  📝 安克鲁: 发音：an koh lu。 又称安可，来自法语词encore的日文发音...
  📝 商业模式要形成闭环: 闭环嘛，就是把东西卖给用户，再让他买更多东西，圈住他们的钱包就对了。...
  📝 德国骨科: 解释：兄妹/姐弟不伦 来源：传闻是某位汉化组的哥们推了自己的妹妹（有血...
  📝 推倒: 推倒（在床上），（做爱做的事）...
  📝 服子: “服子”是毛巾的意思，在常德话里用得就像喊一个亲昵称号，洗完脸搓搓汗都...
⏳ Fetching page 5...
✅ Found 15 entries on page 5
  📝 麻辣火沙: “麻辣火沙”多用来形容人突然身体不舒服，还不是一般地不舒服，是那种以迅...
  📝 几得秀: 意思是特别喜欢逞能、刷存在感，也可以贬义形容自我感觉良好的人。在社交媒...
  📝 拽抖: “拽抖”是蹲着的意思，但它不仅仅是描述姿势，更有那种“咕噜咕噜给我蹲着...
  📝 520: 我爱你谐音，网络创造的新节日之一...
  📝 象麻狗的洒: 形容人跑得飞快，就像被追债似的。有点搞笑且带节奏感的口音描述方式，现在...
  📝 半壁: 汪峰，又名半壁，通音律，善头条，盖乐坛之半壁，人所不能及也。...
  ⚠️  No meaning found for 飞叶子
  📝 发绿火: “发绿火”形象地表达了气得头顶冒烟的状态，简直比“怒发冲冠”还有画面感...
  📝 雀包: 形容特别小气、斤斤计较的人，抠门到让人头大。‘包’得紧紧的，连气都透不...
  📝 小公举: 谐音“小公主”
湖南方言...
  📝 玩屋里男客或老纪: ‘玩屋里男客或老纪’直译就是‘我老公’的意思，充满了地方特色的亲昵称呼...
  📝 屎到淋头还在搅便: 源自2025年7月杭州余杭区自来水异味事故。事件中，自来水散发刺鼻“粪...
  📝 nsdd: “你说得对”的缩写，用于对某人的观点表示赞同，也有时带有些许敷衍的意味...
  📝 毛根稀咔: “毛根稀咔”说的是衣服布料差，用手一捏都透风。听上去像个搞笑品牌名，其...
  📝 无呛隔: “无呛隔”就是突然、毫无预兆，把“莫名其妙”升级成了带地方口味的版本。...
⏳ Fetching page 6...
✅ Found 15 entries on page 6
  📝 作得椅靠: 这个人靠谱得像一把椅子，说靠就能靠，意思是此人办事稳当，可以信赖。...
  📝 瓦特了: 上海话骂人的，脑子进水，脑子坏掉的意思。...
  📝 坏家伙: “坏家伙”不是骂人，而是对某个东西或者状况的调侃性抱怨，用来自嘲或者表...
  📝 陈老师: 陈绮贞老师。台湾创作女歌手，昵称陈老师。...
  📝 补药碧莲: 强而有力的骂人短句：骂人不知羞耻，不要逼脸。...
  📝 一稀（飚）就踢哒: “一稀就踢哒”形容某人动作非常迅速，一下子就消失得无影无踪，也常用于形...
  📝 妈，我在这: 帖子火前留名的方式，常见与台湾PTT论坛...
  📝 水皮: 广东话俚语，形容差劲，劣等。...
  📝 守望屁股: 暴雪游戏守望先锋Overwatch。因为游戏里的女性角色屁股一个比一个...
  📝 xxj: “小学鸡”的缩写，用来形容不成熟、幼稚的行为，通常用于调侃或带有轻微的...
  📝 没有用户是因为没有做好运营: 反正锅得有人背，没用户就是运营不行，我的设计永远是完美的。...
  ⚠️  No meaning found for 划船不用桨
  📝 厌太相: 这是常德版的“看你贼讨厌”，形容某人让人一看就烦，行为处事自带避雷属性...
  📝 伢伢: 这是叫姑妈的地道说法，亲切又爽脆，不仅叫法实在，这些姑妈一般也都是全村...
  ⚠️  No meaning found for 黄横
⏳ Fetching page 7...
✅ Found 15 entries on page 7
  📝 小粉红: 老版晋江文学城，因配色为粉红而得此昵称...
  📝 酷盖: Cool guy的音译，意为超酷的家伙，通常指外表和气场都让人“忍不住...
  ⚠️  No meaning found for sqgg/pljj
  📝 拉拉: 女同性恋。发音取自Lesbian的开头。同义词有百合，蕾丝边等。...
  📝 PMGO: 手机游戏pokemon go缩写，任天堂出品，让用户可以走在路上抓神奇...
  📝 gs: “公司”的缩写，通常指娱乐公司的决策行为。...
  📝 宝宝心里苦，宝宝不说: 我心里好苦好苦好苦，但是我还是憋不住想说...宝宝通常是自称...
  ⚠️  No meaning found for 石影山儿
  📝 哈桥子: 常德人说你是‘哈桥子’，不是夸你聪明，而是一种‘小偷专属’的代号。和“...
  📝 LMAO: Laughing My Ass Off的缩写，直译是“笑得我菊花都掉了...
  📝 战五渣: “战五渣”是一句缩略语，完整的语句是“战斗力只有五的渣滓”。...
  📝 bbl: “ball ball了”的缩写，即“求求了”。用于非常无奈或极度渴望的...
  📝 裆裆小衣、裆裆裤: “裆裆小衣”和“裆裆裤”直白得让人面红——说的就是内裤和短裤。听起来虽...
  📝 撮拐哒: 和“干拐哒”类似，意思也是干坏事了，有时候指动作更隐秘一点，更像悄悄摸...
  ⚠️  No meaning found for 涨姿势
⏳ Fetching page 8...
✅ Found 15 entries on page 8
  📝 谷阿莫: 网络红人，以上传“三分钟看完xxx电影”“七分钟看完xxx1-5部”等...
  📝 澳雪木瓜露: oh shit. My God! No!...
  📝 壁咚: 日本流行语，是时常出现在少女漫画或动画以及日剧当中的动作。男性把女性逼...
  📝 鸡精: “机经”的谐音，指各种考试（通常是外国考试）的考试经验。一般是通过考生...
  📝 灰度发布: 用一种冠冕堂皇的理由偷偷发个半成品，出了问题就说这只是测试版，机智如我...
  📝 日干: 别听着像脏话，“日干”在常德话里其实是形容东西“很多”的意思，有点像“...
  📝 C位: 即center，中间位置。常用搭配抢C位，指某位小牌明星在众星表演、拍...
  ⚠️  No meaning found for 三只手
  📝 照骗: 网络用语，表示照片修图严重，完全不像本人，让人感觉被骗...
  📝 体验不好是因为技术实现问题: 用户抱怨不好用，肯定是开发的问题，我只是负责提需求，其他别找我。...
  📝 seno: 发音：se~no 来自日语的せーのっ，用作多人协同进行同一个行动前的指...
  📝 blx: “玻璃心”的缩写，指容易受伤、不能接受批评的人，网络上一碰就碎。...
  📝 秋于夫妇: 韩国明星秋瓷炫和中国男星于晓光夫妇...
  📝 卧草: “我操”的意思。用的场景很多，可以用来表达惊讶、不满、甚至喜悦。...
  📝 桐子壳眼睛: 形容一个人眼睛虽大却分不清是非黑白，就像桐子壳一样空空的，装饰用多过实...
⏳ Fetching page 9...
✅ Found 15 entries on page 9
  📝 三傻: 《权力的游戏》里珊莎·史塔克(Sansa Stark)的昵称...
  📝 自干五: 自带干粮的五毛党的简称。没有收受（共产党）政府好处而自发的帮政府说好话...
  📝 小强: 蟑螂的昵称。因周星驰的电影而普及，他在很多电影里的角色都养过宠物蟑螂，...
  📝 扶她: 又作“扶他”，指同时拥有两性的性器官的双性人，源自日语的音译。...
  📝 岩浪鼓: “岩浪鼓”指的是中、小圆形的鹅卵石，常德地区小孩打水漂的法宝，有时也是...
  📝 满塞: “万岁”的意思，满塞与韩语“万岁”的发音相近。...
  📝 行头: 常德话里的“行头”可不是豪华装备，而是指一个人出门的行囊，背包一类的东...
  📝 锦鲤: 据说转发就能有好运的东西......
  ⚠️  No meaning found for 国民老公
  📝 霸蛮: 直译就是“霸气+蛮力”，其实也代表“我就是要干”，哪怕不讲理，硬也要顶...
  📝 麻浑、麻浑水: “麻浑”或“麻浑水”指的是那些心里藏点小九九、不太干净利索的人，形象一...
  📝 抖森: 英国男演员汤姆·希德勒斯顿(Tom Hiddleston)，以饰演雷神...
  📝 干拐哒: “干拐哒”就是干坏事了，听起来像小时候被妈发现干坏事被提溜出来时的大喊...
  📝 duang: 出自对香港影星成龙代言的霸王洗发水广告的恶搞，用来形容某个动作效果、模...
  📝 扯卵谈: 字面是聊天，但语气就像“废话少说”。常用来形容东拉西扯的闲聊，越扯越没...
⏳ Fetching page 10...
✅ Found 15 entries on page 10
  📝 飞机场: 形容女性的胸平，平得可以让飞机当跑道起飞。...
  📝 寡妇: 英雄黑百合的英语名是Widowmaker, 所有有些人寡妇...
  ⚠️  No meaning found for BB机
  📝 rmb: 人民币的缩写，但在饭圈里有时被调侃为“钱多就是爹”，用于形容财力超群、...
  📝 开黄腔: “开黄腔”在常德话里其实是说话不靠谱，胡说八道的意思，跟大家想象中的少...
  📝 没但玩: 虽然没有什么意义，但是很好玩。...
  📝 撩菜: 勾搭女性，并通常带有啪啪啪的目的。意思跟把妹、泡妞类似。对应的是撩汤（...
  📝 倾城夫妇: 《微微一笑很倾城》里的肖奈+贝微微，剧版为杨洋+郑爽...
  📝 一言不合就...: 形容事情突如其来出乎意料...
  📝 销魂: 原意指感觉极致的、飘飘欲仙的、诱人的、迷人的。网络用语中常是反面的，讽...
  📝 蝌蝌啃蜡: 饮料可口可乐Coca-Cola的最早中文译名...
  📝 贝爷: 《荒野求生》节目主持人贝尔·格里尔斯，什么都吃，真的...
  📝 女优: 日语，女演员，“优”来自古汉语“优伶”，指专业演员。 有时可能被狭义理...
  📝 贱人就是矫情: 最初指贱人就喜欢无理取闹，后演变为各种对矫情，装B之人的愤懑...
  ⚠️  No meaning found for 贝七
⏳ Fetching page 11...
✅ Found 15 entries on page 11
  📝 氪金: 动词，在游戏中充值人民币。充值较多的玩家则被成为“氪金党”。关于这词的...
  📝 鹅母鸡: 不知道。模仿广东话“我唔知”的发音。...
  📝 gd: “光电”的缩写，指偶像和粉丝互动的灯光打call。...
  ⚠️  No meaning found for 红果果
  📝 白巧克力: NBA后卫贾森威廉姆斯Jason Williams。传球风骚，因为经常...
  📝 驾始: “驾始”就是“开始”的意思，但听起来更有仪式感，有种蓄势待发、准备搞事...
  ⚠️  No meaning found for yp
  📝 信天白日: “信天白日”其实并不神圣，指的人张口胡诌八道，闭眼制造玄幻剧本，还一脸...
  ⚠️  No meaning found for 成吨的伤害
  📝 11区: 代指日本。在动画<反叛的鲁鲁修>中，日本被不列颠帝国侵占亡国，成为不列...
  📝 双飞: 同时跟两个人做爱，通常指一男两女。多发生在有特殊服务的足浴，按摩，桑拿...
  📝 我去年买了个表: 拼音首字母为wqnmlgb，委婉地爆粗口，“我去你妈了个逼”...
  📝 药丸: “要完”的谐音，要完蛋了的意思。...
  📝 结棍: 上海话，厉害，强，严重...
  📝 嗲嗲、奶奶: 常德话里，‘嗲嗲’不是撒娇，而是爷爷；‘奶奶’也不是软萌，而是真正的祖...
⏳ Fetching page 12...
✅ Found 15 entries on page 12
  📝 躺平: 本意指静静地躺下，象征着一种对抗压力的生活态度，倡导在职场和生活中减少...
  ⚠️  No meaning found for 蓝瘦
  📝 男默女泪: 男人看了沉默，女人看了流泪。早期在人人网，QQ空间中流行的一些文章标题...
  ⚠️  No meaning found for 鸽吻
  ❌ Error fetching 学霸: Navigating frame was detached
  ❌ Error fetching 人艰不拆: Attempted to use detached Frame '79B6A0422E84A290AFB5B2F7CA32730A'.
  ❌ Error fetching 声优: Attempted to use detached Frame '79B6A0422E84A290AFB5B2F7CA32730A'.
  ❌ Error fetching CP: Attempted to use detached Frame '79B6A0422E84A290AFB5B2F7CA32730A'.
  ❌ Error fetching 水老倌: Attempted to use detached Frame '79B6A0422E84A290AFB5B2F7CA32730A'.
  ❌ Error fetching 枫叶国: Attempted to use detached Frame '79B6A0422E84A290AFB5B2F7CA32730A'.
  ❌ Error fetching TBT: Attempted to use detached Frame '79B6A0422E84A290AFB5B2F7CA32730A'.
  ❌ Error fetching you can you up: Attempted to use detached Frame '79B6A0422E84A290AFB5B2F7CA32730A'.
  ❌ Error fetching 裤抹带、裤腰带: Attempted to use detached Frame '79B6A0422E84A290AFB5B2F7CA32730A'.
  ❌ Error fetching tc: Attempted to use detached Frame '79B6A0422E84A290AFB5B2F7CA32730A'.
  ❌ Error fetching 嚯卵形: Attempted to use detached Frame '79B6A0422E84A290AFB5B2F7CA32730A'.
⏳ Fetching page 13...
❌ Error on page 13: Attempted to use detached Frame '79B6A0422E84A290AFB5B2F7CA32730A'.
⏹️  Stopping


✅ Complete! Scraped 146 entries from 12 pages
💾 Saved to data/slang.json

📊 Sample entries:
[
  {
    "hanzi": "囧雪诺",
    "pinyin": "",
    "meaning": "电视剧《权利的游戏》角色John Snow的昵称。",
    "category": "游戏术语",
    "source": "popcidian"
  },
  {
    "hanzi": "yyds",
    "pinyin": "",
    "meaning": "“有一点骚”的缩写，暗指某人散发着微妙的自信和吸引力，让人不由自主地多看两眼，带点“低调中闪耀”的气场。一般用来形容那些表面正经、内在骚气的行为或穿搭，非常隐蔽地夸（吐）对方。",
    "category": "拼音缩写",
    "source": "popcidian"
  }
]
